
--- Email Sent at 2026-07-24T19:29:11.172Z ---
To: asha.patel@vsitr.ac.in
Subject: Registration Successful - Neon Test Team 725 - Internal SIH 2026
Body: Congratulations! Your team Neon Test Team 725 has been successfully registered.

Your Team Registration ID: SIH2026-002
Your Team Password: lt!cwU

Please use these credentials to log in to the Team Portal and submit your Mentor Details.

Internal SIH 2026 Rules:
1. Team must have 6 members and 1 female.
2. Complete Mentor Details for final confirmation.
3. Plagiarism leads to disqualification.
4. Decisions of the committee are final.
---------------------------------------

--- Email Sent at 2026-07-24T19:29:11.180Z ---
To: krisha.desai@vsitr.ac.in
Subject: You have been registered for Internal SIH 2026
Body: Hello Krisha Desai,

You have been registered for Internal SIH 2026 as part of the team "Neon Test Team 725" led by Asha Patel.

Internal SIH 2026 Rules:
1. Team must have 6 members and 1 female.
2. Complete Mentor Details for final confirmation.
3. Plagiarism leads to disqualification.
4. Decisions of the committee are final.
---------------------------------------

--- Email Sent at 2026-07-24T19:29:11.189Z ---
To: riya.shah@vsitr.ac.in
Subject: You have been registered for Internal SIH 2026
Body: Hello Riya Shah,

You have been registered for Internal SIH 2026 as part of the team "Neon Test Team 725" led by Asha Patel.

Internal SIH 2026 Rules:
1. Team must have 6 members and 1 female.
2. Complete Mentor Details for final confirmation.
3. Plagiarism leads to disqualification.
4. Decisions of the committee are final.
---------------------------------------

--- Email Sent at 2026-07-24T19:29:11.195Z ---
To: mehul.patel@vsitr.ac.in
Subject: You have been registered for Internal SIH 2026
Body: Hello Mehul Patel,

You have been registered for Internal SIH 2026 as part of the team "Neon Test Team 725" led by Asha Patel.

Internal SIH 2026 Rules:
1. Team must have 6 members and 1 female.
2. Complete Mentor Details for final confirmation.
3. Plagiarism leads to disqualification.
4. Decisions of the committee are final.
---------------------------------------

--- Email Sent at 2026-07-24T19:29:11.202Z ---
To: nisha.mehta@vsitr.ac.in
Subject: You have been registered for Internal SIH 2026
Body: Hello Nisha Mehta,

You have been registered for Internal SIH 2026 as part of the team "Neon Test Team 725" led by Asha Patel.

Internal SIH 2026 Rules:
1. Team must have 6 members and 1 female.
2. Complete Mentor Details for final confirmation.
3. Plagiarism leads to disqualification.
4. Decisions of the committee are final.
---------------------------------------

--- Email Sent at 2026-07-24T19:29:11.209Z ---
To: arjun.solanki@vsitr.ac.in
Subject: You have been registered for Internal SIH 2026
Body: Hello Arjun Solanki,

You have been registered for Internal SIH 2026 as part of the team "Neon Test Team 725" led by Asha Patel.

Internal SIH 2026 Rules:
1. Team must have 6 members and 1 female.
2. Complete Mentor Details for final confirmation.
3. Plagiarism leads to disqualification.
4. Decisions of the committee are final.
---------------------------------------
